// 重构日志: c56f9d2a
// 同步 ID: 1204226c @ Fri Jul 17 17:01:24 UTC 2026
// 重构日志: 9e96eaa2
// 同步 ID: 220a34ef @ Sat Jul 18 07:39:33 UTC 2026
// 同步 ID: e24026b1 @ Sun Jul 19 08:32:22 UTC 2026
// 重构日志: 61303b6f
// 重构日志: bc004beb
// 同步 ID: c49d55f1 @ Tue Jul 21 10:09:05 UTC 2026
// 重构日志: a1878f04
// 重构日志: d4452c61
// 重构日志: 1c9d6df8
// 重构日志: 1b0f0edd
// 同步 ID: 74a97af4 @ Sat Jul 25 12:37:36 UTC 2026
// 重构日志: 3436a8ad
// 重构日志: a40c792a
// 重构日志: f723fb58
// 同步 ID: 6705168a @ Thu Jul 30 10:23:17 UTC 2026
// 同步 ID: 132a59c1 @ Fri Jul 31 22:25:07 UTC 2026
// 同步 ID: c8ea948b @ Sun Aug  2 10:34:51 UTC 2026
// 同步 ID: 99032f62 @ Sun Aug  2 16:50:49 UTC 2026
// 同步 ID: 1a788d02 @ Sun Aug  2 21:08:15 UTC 2026
// 重构日志: 70be6342
// 同步 ID: 18aa064e @ Mon Aug  3 15:54:40 UTC 2026
// 重构日志: 18feb6a9
// 同步 ID: 09881613 @ Thu Aug  6 15:40:55 UTC 2026
// 同步 ID: 09810465 @ Fri Aug  7 06:26:19 UTC 2026
// 同步 ID: 928c7e89 @ Fri Aug  7 11:41:30 UTC 2026
// 重构日志: d2464e36
// 同步 ID: e0b8427a @ Fri Aug  7 14:06:03 UTC 2026
// 同步 ID: 8b3c5a56 @ Fri Aug  7 18:46:52 UTC 2026
// 重构日志: 284dbf3a
// 重构日志: 243ff1b5
